remove 'ALL_INPUTS/CODE/source_disp_frac/.ipynb_checkpoints/build_datasets-checkpoint.py'
remove 'ALL_INPUTS/CODE/source_disp_frac/.ipynb_checkpoints/callbacks-checkpoint.py'
remove 'ALL_INPUTS/CODE/source_disp_frac/.ipynb_checkpoints/import_datasets-checkpoint.py'
remove 'ALL_INPUTS/CODE/source_disp_frac/.ipynb_checkpoints/loss_curves-checkpoint.py'
remove 'ALL_INPUTS/CODE/source_disp_frac/.ipynb_checkpoints/mapping-checkpoint.py'
remove 'ALL_INPUTS/CODE/source_disp_frac/.ipynb_checkpoints/metrics-checkpoint.py'
remove 'ALL_INPUTS/CODE/source_disp_frac/.ipynb_checkpoints/overlay_prediction_on_microstructure-checkpoint.py'
remove 'ALL_INPUTS/CODE/source_disp_frac/.ipynb_checkpoints/overlay_prediction_on_microstructure_opaque-checkpoint.py'
remove 'ALL_INPUTS/CODE/source_disp_frac/.ipynb_checkpoints/plot_compare_f1_full_simulation-checkpoint.py'
remove 'ALL_INPUTS/CODE/source_disp_frac/.ipynb_checkpoints/plot_pred_vs_gt_contours-checkpoint.py'
remove 'ALL_INPUTS/CODE/source_disp_frac/.ipynb_checkpoints/plotting_metrics-checkpoint.py'
remove 'ALL_INPUTS/CODE/source_disp_frac/.ipynb_checkpoints/predict-checkpoint.py'
remove 'ALL_INPUTS/CODE/source_disp_frac/.ipynb_checkpoints/predict_full_simulation_metrics-checkpoint.py'
remove 'ALL_INPUTS/CODE/source_disp_frac/.ipynb_checkpoints/predict_full_simulation_metrics_fullrollout-checkpoint.py'
remove 'ALL_INPUTS/CODE/source_disp_frac/.ipynb_checkpoints/run_config-checkpoint.py'
remove 'ALL_INPUTS/CODE/source_disp_frac/.ipynb_checkpoints/summarize_total_metrics_across_simulations-checkpoint.py'
remove 'ALL_INPUTS/CODE/source_disp_frac/.ipynb_checkpoints/train_utils-checkpoint.py'
remove 'ALL_INPUTS/CODE/source_disp_frac/.ipynb_checkpoints/validation_util-checkpoint.py'
remove 'ALL_INPUTS/CODE/source_disp_frac/.ipynb_checkpoints/worst_frame-checkpoint.py'
remove 'ALL_INPUTS/CODE/source_disp_frac/__pycache__/build_datasets.cpython-312.pyc'
remove 'ALL_INPUTS/CODE/source_disp_frac/__pycache__/build_datasets.cpython-313.pyc'
remove 'ALL_INPUTS/CODE/source_disp_frac/__pycache__/callbacks.cpython-312.pyc'
remove 'ALL_INPUTS/CODE/source_disp_frac/__pycache__/callbacks.cpython-313.pyc'
remove 'ALL_INPUTS/CODE/source_disp_frac/__pycache__/import_datasets.cpython-312.pyc'
remove 'ALL_INPUTS/CODE/source_disp_frac/__pycache__/import_datasets.cpython-313.pyc'
remove 'ALL_INPUTS/CODE/source_disp_frac/__pycache__/loss_curves.cpython-312.pyc'
remove 'ALL_INPUTS/CODE/source_disp_frac/__pycache__/loss_curves.cpython-313.pyc'
remove 'ALL_INPUTS/CODE/source_disp_frac/__pycache__/mapping.cpython-312.pyc'
remove 'ALL_INPUTS/CODE/source_disp_frac/__pycache__/mapping.cpython-313.pyc'
remove 'ALL_INPUTS/CODE/source_disp_frac/__pycache__/metrics.cpython-312.pyc'
remove 'ALL_INPUTS/CODE/source_disp_frac/__pycache__/metrics.cpython-313.pyc'
remove 'ALL_INPUTS/CODE/source_disp_frac/__pycache__/overlay_prediction_on_microstructure.cpython-312.pyc'
remove 'ALL_INPUTS/CODE/source_disp_frac/__pycache__/overlay_prediction_on_microstructure.cpython-313.pyc'
remove 'ALL_INPUTS/CODE/source_disp_frac/__pycache__/overlay_prediction_on_microstructure_opaque.cpython-312.pyc'
remove 'ALL_INPUTS/CODE/source_disp_frac/__pycache__/plot_compare_f1_full_simulation.cpython-312.pyc'
remove 'ALL_INPUTS/CODE/source_disp_frac/__pycache__/plot_compare_f1_full_simulation.cpython-313.pyc'
remove 'ALL_INPUTS/CODE/source_disp_frac/__pycache__/plot_pred_vs_gt_contours.cpython-312.pyc'
remove 'ALL_INPUTS/CODE/source_disp_frac/__pycache__/plot_pred_vs_gt_contours.cpython-313.pyc'
remove 'ALL_INPUTS/CODE/source_disp_frac/__pycache__/plotting_metrics.cpython-312.pyc'
remove 'ALL_INPUTS/CODE/source_disp_frac/__pycache__/plotting_metrics.cpython-313.pyc'
remove 'ALL_INPUTS/CODE/source_disp_frac/__pycache__/predict.cpython-312.pyc'
remove 'ALL_INPUTS/CODE/source_disp_frac/__pycache__/predict.cpython-313.pyc'
remove 'ALL_INPUTS/CODE/source_disp_frac/__pycache__/predict_full_simulation_metrics.cpython-312.pyc'
remove 'ALL_INPUTS/CODE/source_disp_frac/__pycache__/predict_full_simulation_metrics.cpython-313.pyc'
remove 'ALL_INPUTS/CODE/source_disp_frac/__pycache__/predict_full_simulation_metrics_fullrollout.cpython-312.pyc'
remove 'ALL_INPUTS/CODE/source_disp_frac/__pycache__/run_config.cpython-312.pyc'
remove 'ALL_INPUTS/CODE/source_disp_frac/__pycache__/run_config.cpython-313.pyc'
remove 'ALL_INPUTS/CODE/source_disp_frac/__pycache__/summarize_total_metrics_across_simulations.cpython-312.pyc'
remove 'ALL_INPUTS/CODE/source_disp_frac/__pycache__/summarize_total_metrics_across_simulations.cpython-313.pyc'
remove 'ALL_INPUTS/CODE/source_disp_frac/__pycache__/train_utils.cpython-312.pyc'
remove 'ALL_INPUTS/CODE/source_disp_frac/__pycache__/train_utils.cpython-313.pyc'
remove 'ALL_INPUTS/CODE/source_disp_frac/__pycache__/validation_util.cpython-312.pyc'
remove 'ALL_INPUTS/CODE/source_disp_frac/__pycache__/validation_util.cpython-313.pyc'
remove 'ALL_INPUTS/CODE/source_disp_frac/__pycache__/worst_frame.cpython-312.pyc'
remove 'ALL_INPUTS/CODE/source_disp_frac/__pycache__/worst_frame.cpython-313.pyc'
remove 'ALL_INPUTS/CODE/source_disp_frac/build_datasets.py'
remove 'ALL_INPUTS/CODE/source_disp_frac/callbacks.py'
remove 'ALL_INPUTS/CODE/source_disp_frac/import_datasets.py'
remove 'ALL_INPUTS/CODE/source_disp_frac/loss_curves.py'
remove 'ALL_INPUTS/CODE/source_disp_frac/mapping.py'
remove 'ALL_INPUTS/CODE/source_disp_frac/metrics.py'
remove 'ALL_INPUTS/CODE/source_disp_frac/overlay_prediction_on_microstructure.py'
remove 'ALL_INPUTS/CODE/source_disp_frac/overlay_prediction_on_microstructure_opaque.py'
remove 'ALL_INPUTS/CODE/source_disp_frac/plot_compare_f1_full_simulation.py'
remove 'ALL_INPUTS/CODE/source_disp_frac/plot_pred_vs_gt_contours.py'
remove 'ALL_INPUTS/CODE/source_disp_frac/plotting_metrics.py'
remove 'ALL_INPUTS/CODE/source_disp_frac/predict.py'
remove 'ALL_INPUTS/CODE/source_disp_frac/predict_full_simulation_metrics.py'
remove 'ALL_INPUTS/CODE/source_disp_frac/predict_full_simulation_metrics_fullrollout.py'
remove 'ALL_INPUTS/CODE/source_disp_frac/run_config.py'
remove 'ALL_INPUTS/CODE/source_disp_frac/summarize_total_metrics_across_simulations.py'
remove 'ALL_INPUTS/CODE/source_disp_frac/train_utils.py'
remove 'ALL_INPUTS/CODE/source_disp_frac/validation_util.py'
remove 'ALL_INPUTS/CODE/source_disp_frac/worst_frame.py'
